
> ai-event-organiser@0.1.0 build
> next build

npm : [baseline-browser-mapping] The data in 
this module is over two months old.  To ensure 
accurate Baseline data, please update: `npm i 
baseline-browser-mapping@latest -D`
At line:1 char:1
+ npm run build > build_error.log 2>&1
+ ~~~~~~~~~~~~~~~~~~~~~~~~~~~~~~~~~~~~
    + CategoryInfo          : NotSpecified: 
([bas    eline-brows...ping@latest -D`:String) 
[], Rem    oteException
    + FullyQualifiedErrorId : NativeCommandError
 
 ΓÜá `images.domains` is deprecated in favor of 
`images.remotePatterns`. Please update 
next.config.mjs to protect your application 
from malicious users.
   Γû▓ Next.js 16.0.7 (Turbopack)
   - Environments: .env

 ΓÜá The "middleware" file convention is 
deprecated. Please use "proxy" instead. Learn 
more: https://nextjs.org/docs/messages/middlewar
e-to-proxy
   Creating an optimized production build ...
[baseline-browser-mapping] The data in this 
module is over two months old.  To ensure 
accurate Baseline data, please update: `npm i 
baseline-browser-mapping@latest -D`

> Build error occurred
Error: Turbopack build failed with 2 errors:
./app/design-preview/page.tsx:1:1
Module not found: Can't resolve 
'@/components/preview/bento-grid'
[0m[31m[1m>[22m[39m[90m 1 |[39m 
[36mimport[39m [33mFeatures[39m 
[36mfrom[39m [32m"@/components/preview/bento-
grid"[39m[33m;[39m
 [90m   |[39m [31m[1m^[22m[39m[31m[1m^[
22m[39m[31m[1m^[22m[39m[31m[1m^[22m[39m
[31m[1m^[22m[39m[31m[1m^[22m[39m[31m[1
m^[22m[39m[31m[1m^[22m[39m[31m[1m^[22m
[39m[31m[1m^[22m[39m[31m[1m^[22m[39m[31
m[1m^[22m[39m[31m[1m^[22m[39m[31m[1m^[
22m[39m[31m[1m^[22m[39m[31m[1m^[22m[39m
[31m[1m^[22m[39m[31m[1m^[22m[39m[31m[1
m^[22m[39m[31m[1m^[22m[39m[31m[1m^[22m
[39m[31m[1m^[22m[39m[31m[1m^[22m[39m[31
m[1m^[22m[39m[31m[1m^[22m[39m[31m[1m^[
22m[39m[31m[1m^[22m[39m[31m[1m^[22m[39m
[31m[1m^[22m[39m[31m[1m^[22m[39m[31m[1
m^[22m[39m[31m[1m^[22m[39m[31m[1m^[22m
[39m[31m[1m^[22m[39m[31m[1m^[22m[39m[31
m[1m^[22m[39m[31m[1m^[22m[39m[31m[1m^[
22m[39m[31m[1m^[22m[39m[31m[1m^[22m[39m
[31m[1m^[22m[39m[31m[1m^[22m[39m[31m[1
m^[22m[39m[31m[1m^[22m[39m[31m[1m^[22m
[39m[31m[1m^[22m[39m[31m[1m^[22m[39m[31
m[1m^[22m[39m[31m[1m^[22m[39m[31m[1m^[
22m[39m[31m[1m^[22m[39m[31m[1m^[22m[39m
[31m[1m^[22m[39m[31m[1m^[22m[39m[31m[1
m^[22m[39m
 [90m 2 |[39m [36mimport[39m [33mHero[39m 
[36mfrom[39m 
[32m"@/components/preview/hero"[39m[33m;[39m
 [90m 3 |[39m
 [90m 4 |[39m [36mexport[39m 
[36mdefault[39m [36mfunction[39m 
[33mDesignPreviewPage[39m() {[0m

Import map: aliased to relative 
'./components/preview/bento-grid' inside of 
[project]/


https://nextjs.org/docs/messages/module-not-foun
d


./app/design-preview/page.tsx:2:1
Module not found: Can't resolve 
'@/components/preview/hero'
[0m [90m 1 |[39m [36mimport[39m 
[33mFeatures[39m [36mfrom[39m [32m"@/compon
ents/preview/bento-grid"[39m[33m;[39m
[31m[1m>[22m[39m[90m 2 |[39m 
[36mimport[39m [33mHero[39m [36mfrom[39m 
[32m"@/components/preview/hero"[39m[33m;[39m
 [90m   |[39m [31m[1m^[22m[39m[31m[1m^[
22m[39m[31m[1m^[22m[39m[31m[1m^[22m[39m
[31m[1m^[22m[39m[31m[1m^[22m[39m[31m[1
m^[22m[39m[31m[1m^[22m[39m[31m[1m^[22m
[39m[31m[1m^[22m[39m[31m[1m^[22m[39m[31
m[1m^[22m[39m[31m[1m^[22m[39m[31m[1m^[
22m[39m[31m[1m^[22m[39m[31m[1m^[22m[39m
[31m[1m^[22m[39m[31m[1m^[22m[39m[31m[1
m^[22m[39m[31m[1m^[22m[39m[31m[1m^[22m
[39m[31m[1m^[22m[39m[31m[1m^[22m[39m[31
m[1m^[22m[39m[31m[1m^[22m[39m[31m[1m^[
22m[39m[31m[1m^[22m[39m[31m[1m^[22m[39m
[31m[1m^[22m[39m[31m[1m^[22m[39m[31m[1
m^[22m[39m[31m[1m^[22m[39m[31m[1m^[22m
[39m[31m[1m^[22m[39m[31m[1m^[22m[39m[31
m[1m^[22m[39m[31m[1m^[22m[39m[31m[1m^[
22m[39m[31m[1m^[22m[39m[31m[1m^[22m[39m
[31m[1m^[22m[39m[31m[1m^[22m[39m[31m[1
m^[22m[39m[31m[1m^[22m[39m[31m[1m^[22m
[39m
 [90m 3 |[39m
 [90m 4 |[39m [36mexport[39m 
[36mdefault[39m [36mfunction[39m 
[33mDesignPreviewPage[39m() {
 [90m 5 |[39m     [36mreturn[39m ([0m

Import map: aliased to relative 
'./components/preview/hero' inside of [project]/


https://nextjs.org/docs/messages/module-not-foun
d


    at <unknown> 
(./app/design-preview/page.tsx:1:1)
    at <unknown> (https://nextjs.org/docs/messag
es/module-not-found)
    at <unknown> 
(./app/design-preview/page.tsx:2:1)
    at <unknown> (https://nextjs.org/docs/messag
es/module-not-found)
